------------------------------------------------------------
TimeQuest Timing Analyzer Summary
------------------------------------------------------------

Type  : Slow 1100mV 85C Model Setup 'clk_18_4_inst|clk_18_4_inst|altera_pll_i|general[1].gpll~PLL_OUTPUT_COUNTER|divclk'
Slack : 16.553
TNS   : 0.000

Type  : Slow 1100mV 85C Model Setup 'clk_18_4_inst|clk_18_4_inst|altera_pll_i|general[0].gpll~PLL_OUTPUT_COUNTER|divclk'
Slack : 50.972
TNS   : 0.000

Type  : Slow 1100mV 85C Model Hold 'clk_18_4_inst|clk_18_4_inst|altera_pll_i|general[0].gpll~PLL_OUTPUT_COUNTER|divclk'
Slack : 0.435
TNS   : 0.000

Type  : Slow 1100mV 85C Model Hold 'clk_18_4_inst|clk_18_4_inst|altera_pll_i|general[1].gpll~PLL_OUTPUT_COUNTER|divclk'
Slack : 0.679
TNS   : 0.000

Type  : Slow 1100mV 85C Model Minimum Pulse Width 'clk_18_4_inst|clk_18_4_inst|altera_pll_i|general[0].gpll~FRACTIONAL_PLL|vcoph[0]'
Slack : 0.459
TNS   : 0.000

Type  : Slow 1100mV 85C Model Minimum Pulse Width 'clk_18_4_inst|clk_18_4_inst|altera_pll_i|general[1].gpll~PLL_OUTPUT_COUNTER|divclk'
Slack : 9.402
TNS   : 0.000

Type  : Slow 1100mV 85C Model Minimum Pulse Width 'CLOCK_50'
Slack : 9.670
TNS   : 0.000

Type  : Slow 1100mV 85C Model Minimum Pulse Width 'clk_18_4_inst|clk_18_4_inst|altera_pll_i|general[0].gpll~PLL_OUTPUT_COUNTER|divclk'
Slack : 26.427
TNS   : 0.000

Type  : Slow 1100mV 0C Model Setup 'clk_18_4_inst|clk_18_4_inst|altera_pll_i|general[1].gpll~PLL_OUTPUT_COUNTER|divclk'
Slack : 16.573
TNS   : 0.000

Type  : Slow 1100mV 0C Model Setup 'clk_18_4_inst|clk_18_4_inst|altera_pll_i|general[0].gpll~PLL_OUTPUT_COUNTER|divclk'
Slack : 51.042
TNS   : 0.000

Type  : Slow 1100mV 0C Model Hold 'clk_18_4_inst|clk_18_4_inst|altera_pll_i|general[0].gpll~PLL_OUTPUT_COUNTER|divclk'
Slack : 0.418
TNS   : 0.000

Type  : Slow 1100mV 0C Model Hold 'clk_18_4_inst|clk_18_4_inst|altera_pll_i|general[1].gpll~PLL_OUTPUT_COUNTER|divclk'
Slack : 0.719
TNS   : 0.000

Type  : Slow 1100mV 0C Model Minimum Pulse Width 'clk_18_4_inst|clk_18_4_inst|altera_pll_i|general[0].gpll~FRACTIONAL_PLL|vcoph[0]'
Slack : 0.459
TNS   : 0.000

Type  : Slow 1100mV 0C Model Minimum Pulse Width 'clk_18_4_inst|clk_18_4_inst|altera_pll_i|general[1].gpll~PLL_OUTPUT_COUNTER|divclk'
Slack : 9.355
TNS   : 0.000

Type  : Slow 1100mV 0C Model Minimum Pulse Width 'CLOCK_50'
Slack : 9.673
TNS   : 0.000

Type  : Slow 1100mV 0C Model Minimum Pulse Width 'clk_18_4_inst|clk_18_4_inst|altera_pll_i|general[0].gpll~PLL_OUTPUT_COUNTER|divclk'
Slack : 26.375
TNS   : 0.000

Type  : Fast 1100mV 85C Model Setup 'clk_18_4_inst|clk_18_4_inst|altera_pll_i|general[1].gpll~PLL_OUTPUT_COUNTER|divclk'
Slack : 18.127
TNS   : 0.000

Type  : Fast 1100mV 85C Model Setup 'clk_18_4_inst|clk_18_4_inst|altera_pll_i|general[0].gpll~PLL_OUTPUT_COUNTER|divclk'
Slack : 52.148
TNS   : 0.000

Type  : Fast 1100mV 85C Model Hold 'clk_18_4_inst|clk_18_4_inst|altera_pll_i|general[0].gpll~PLL_OUTPUT_COUNTER|divclk'
Slack : 0.197
TNS   : 0.000

Type  : Fast 1100mV 85C Model Hold 'clk_18_4_inst|clk_18_4_inst|altera_pll_i|general[1].gpll~PLL_OUTPUT_COUNTER|divclk'
Slack : 0.303
TNS   : 0.000

Type  : Fast 1100mV 85C Model Minimum Pulse Width 'clk_18_4_inst|clk_18_4_inst|altera_pll_i|general[0].gpll~FRACTIONAL_PLL|vcoph[0]'
Slack : 0.459
TNS   : 0.000

Type  : Fast 1100mV 85C Model Minimum Pulse Width 'CLOCK_50'
Slack : 9.336
TNS   : 0.000

Type  : Fast 1100mV 85C Model Minimum Pulse Width 'clk_18_4_inst|clk_18_4_inst|altera_pll_i|general[1].gpll~PLL_OUTPUT_COUNTER|divclk'
Slack : 9.660
TNS   : 0.000

Type  : Fast 1100mV 85C Model Minimum Pulse Width 'clk_18_4_inst|clk_18_4_inst|altera_pll_i|general[0].gpll~PLL_OUTPUT_COUNTER|divclk'
Slack : 26.676
TNS   : 0.000

Type  : Fast 1100mV 0C Model Setup 'clk_18_4_inst|clk_18_4_inst|altera_pll_i|general[1].gpll~PLL_OUTPUT_COUNTER|divclk'
Slack : 18.291
TNS   : 0.000

Type  : Fast 1100mV 0C Model Setup 'clk_18_4_inst|clk_18_4_inst|altera_pll_i|general[0].gpll~PLL_OUTPUT_COUNTER|divclk'
Slack : 52.358
TNS   : 0.000

Type  : Fast 1100mV 0C Model Hold 'clk_18_4_inst|clk_18_4_inst|altera_pll_i|general[0].gpll~PLL_OUTPUT_COUNTER|divclk'
Slack : 0.190
TNS   : 0.000

Type  : Fast 1100mV 0C Model Hold 'clk_18_4_inst|clk_18_4_inst|altera_pll_i|general[1].gpll~PLL_OUTPUT_COUNTER|divclk'
Slack : 0.294
TNS   : 0.000

Type  : Fast 1100mV 0C Model Minimum Pulse Width 'clk_18_4_inst|clk_18_4_inst|altera_pll_i|general[0].gpll~FRACTIONAL_PLL|vcoph[0]'
Slack : 0.459
TNS   : 0.000

Type  : Fast 1100mV 0C Model Minimum Pulse Width 'CLOCK_50'
Slack : 9.286
TNS   : 0.000

Type  : Fast 1100mV 0C Model Minimum Pulse Width 'clk_18_4_inst|clk_18_4_inst|altera_pll_i|general[1].gpll~PLL_OUTPUT_COUNTER|divclk'
Slack : 9.650
TNS   : 0.000

Type  : Fast 1100mV 0C Model Minimum Pulse Width 'clk_18_4_inst|clk_18_4_inst|altera_pll_i|general[0].gpll~PLL_OUTPUT_COUNTER|divclk'
Slack : 26.667
TNS   : 0.000

------------------------------------------------------------
